Total unique Pokemon in evolution.json : 1137

────────────────────────────────────────────────────────────
Mapping : sugimori_to_sugimori.json
Covered : 1107 / 1137  (97.4%)
Missing : 30
  - Avalugg-Hisui - Bergmite evolves to either poke-data/SugimoriSprites/0713avalugg/0713 Avalugg.png or poke-data/SugimoriSprites/0713avalugg/0713 Avalugg Hisui.png
  - Braviary-Hisui - Rufflet evolves to either poke-data/SugimoriSprites/0628braviary/0628 Braviary.png or poke-data/SugimoriSprites/0628braviary/0628 Braviary Hisui.png
  - cherrim, cherrim-sunshine - Cherubi evolves to either cherrim or cherrim sunshine
  - cinderace - Raboot evolves to poke-data/SugimoriSprites/0815cinderace/0815 Cinderace.png
  - corviknight - Corvisquire evolves into poke-data/SugimoriSprites/0823corviknight/0823 Corviknight.png
  - Decidueye-Hisui - dartrix evolves into either poke-data/SugimoriSprites/0724decidueye/0724 Decidueye.png or poke-data/SugimoriSprites/0724decidueye/0724 Decidueye Hisui.png
  - Exeggutor-Alola - Exeggcute evolves into either poke-data/SugimoriSprites/0103exeggutor/0103 Exeggutor.png or poke-data/SugimoriSprites/0103exeggutor/0103 Exeggutor Alola.png
  - inteleon - Drizzile evolves into poke-data/SugimoriSprites/0818inteleon/0818 Inteleon.png
  - Lilligant-Hisui - Petilil evolves into either poke-data/SugimoriSprites/0549lilligant/0549 Lilligant.png or poke-data/SugimoriSprites/0549lilligant/0549 Lilligant Hisui.png
  - lycanroc-dusk, lycanroc-midnight - Rockruff evolves into either poke-data/SugimoriSprites/0745lycanroc/0745 Lycanroc Dusk.png or poke-data/SugimoriSprites/0745lycanroc/0745 Lycanroc Midnight.png
  - Marowak-Alola - Cubone evolves into either poke-data/SugimoriSprites/0105marowak/0105 Marowak.png or poke-data/SugimoriSprites/0105marowak/0105 Marowak Alola.png
  - melmetal - meltan evolves into poke-data/SugimoriSprites/0809melmetal/0809 Melmetal.png
  - palafin-hero - Finizen evolves into either poke-data/SugimoriSprites/0964palafin/0964 Palafin.png or poke-data/SugimoriSprites/0964palafin/0964 Palafin Zero.png or poke-data/SugimoriSprites/0964palafin/0964 Palafin Hero.png
  - rillaboom - Thwackey evolves into poke-data/SugimoriSprites/0812rillaboom/0812 Rillaboom.png
  - Samurott-Hisui - Dewott evolves into either poke-data/SugimoriSprites/0503samurott/0503 Samurott.png or poke-data/SugimoriSprites/0503samurott/0503 Samurott Hisui.png
  - toxtricity - Toxel evolves into either poke-data/SugimoriSprites/0849toxtricity/0849 Toxtricity Amped.png or poke-data/SugimoriSprites/0849toxtricity/0849 Toxtricity Low Key.png
  - Typhlosion-Hisui - Quilava evolves into either poke-data/SugimoriSprites/0157typhlosion/0157 Typhlosion.png or poke-data/SugimoriSprites/0157typhlosion/0157 Typhlosion Hisui.png
  - urshifu - Kubfu evolves into poke-data/SugimoriSprites/0892urshifu/0892 Urshifu Single Strike.png
  - Weezing-Galar - Koffing evolves into either poke-data/SugimoriSprites/0110weezing/0110 Weezing Galar.png or poke-data/SugimoriSprites/0110weezing/0110 Weezing.png

────────────────────────────────────────────────────────────
Mapping : sprite_to_sprite.json
Covered : 1001 / 1137  (88.0%)
Missing : 136
  - annihilape
  - arboliva
  - archaludon
  - armarouge
  - basculegion
  - basculin-white-striped
  - bellibolt
  - bombirdier
  - brambleghast
  - bramblin
  - brute-bonnet
  - calyrex-ice
  - calyrex-shadow
  - capsakid
  - ceruledge
  - cetitan
  - cetoddle
  - charcadet
  - chien-pao
  - chi-yu
  - clodsire
  - crocalor
  - cyclizar
  - dachsbun
  - dipplin
  - dolliv
  - dondozo
  - dudunsparce
  - espathra
  - farigiraf
  - fezandipiti
  - fidough
  - finizen
  - flamigo
  - flittle
  - floragato
  - flutter-mane
  - fuecoco
  - garganacl
  - gholdengo
  - gimmighoul
  - gimmighoul-roaming
  - giratina-altered
  - glimmet
  - glimmora
  - gouging-fire
  - grafaiai
  - great-tusk
  - greavard
  - houndstone
  - hydrapple
  - iron-boulder
  - iron-bundle
  - iron-crown
  - iron-hands
  - iron-jugulis
  - iron-moth
  - iron-thorns
  - iron-treads
  - iron-valiant
  - kilowattrel
  - kingambit
  - klawf
  - koraidon
  - lechonk
  - lokix
  - mabosstiff
  - maschiff
  - maushold
  - meowscarada
  - miraidon
  - munkidori
  - nacli
  - naclstack
  - necrozma-dawn-wings
  - necrozma-dusk-mane
  - nymble
  - ogerpon
  - ogerpon-cornerstone-mask
  - ogerpon-hearthflame-mask
  - ogerpon-wellspring-mask
  - oinkologne
  - okidogi
  - oricorio-pompom
  - orthworm
  - palafin
  - palafin-hero
  - pawmi
  - pawmo
  - pawmot
  - pecharunt
  - poltchageist
  - quaquaval
  - quaxly
  - quaxwell
  - rabsca
  - raging-bolt
  - rellor
  - revavroom
  - roaring-moon
  - sandy-shocks
  - scovillain
  - scream-tail
  - shroodle
  - sinistcha
  - skeledirge
  - slither-wing
  - smoliv
  - spidops
  - sprigatito
  - squawkabilly
  - tadbulb
  - tandemaus
  - tarountula
  - tatsugiri
  - tatsugiri-droopy
  - tatsugiri-stretchy
  - terapagos
  - terapagos-stellar
  - terapagos-terastal
  - ting-lu
  - tinkatink
  - tinkaton
  - tinkatuff
  - toedscool
  - toedscruel
  - ursaluna-bloodmoon
  - varoom
  - veluza
  - walking-wake
  - wattrel
  - wiglett
  - wo-chien
  - wugtrio
  - zygarde-10
  - zygarde-complete

════════════════════════════════════════════════════════════
Missing from ALL mappings : 162
  - annihilape
  - arboliva
  - archaludon
  - armarouge
  - Avalugg-Hisui
  - basculegion
  - basculin-white-striped
  - bellibolt
  - bombirdier
  - brambleghast
  - bramblin
  - Braviary-Hisui
  - brute-bonnet
  - calyrex-ice
  - calyrex-shadow
  - capsakid
  - ceruledge
  - cetitan
  - cetoddle
  - charcadet
  - cherrim
  - cherrim-sunshine
  - chien-pao
  - chi-yu
  - cinderace
  - clodsire
  - corviknight
  - crocalor
  - cyclizar
  - dachsbun
  - darmanitan-galar-zen
  - darmanitan-zen
  - Decidueye-Hisui
  - dipplin
  - dolliv
  - dondozo
  - dudunsparce
  - espathra
  - eternatus-eternamax
  - Exeggutor-Alola
  - farigiraf
  - fezandipiti
  - fidough
  - finizen
  - flamigo
  - flittle
  - floragato
  - flutter-mane
  - fuecoco
  - garganacl
  - gholdengo
  - gimmighoul
  - gimmighoul-roaming
  - giratina-altered
  - glimmet
  - glimmora
  - gouging-fire
  - grafaiai
  - great-tusk
  - greavard
  - houndstone
  - hydrapple
  - inteleon
  - iron-boulder
  - iron-bundle
  - iron-crown
  - iron-hands
  - iron-jugulis
  - iron-moth
  - iron-thorns
  - iron-treads
  - iron-valiant
  - kilowattrel
  - kingambit
  - klawf
  - koraidon
  - lechonk
  - Lilligant-Hisui
  - lokix
  - lycanroc-dusk
  - lycanroc-midnight
  - mabosstiff
  - Marowak-Alola
  - maschiff
  - maushold
  - melmetal
  - meowscarada
  - miraidon
  - munkidori
  - nacli
  - naclstack
  - necrozma-dawn-wings
  - necrozma-dusk-mane
  - nymble
  - ogerpon
  - ogerpon-cornerstone-mask
  - ogerpon-hearthflame-mask
  - ogerpon-wellspring-mask
  - oinkologne
  - okidogi
  - oricorio-pompom
  - orthworm
  - palafin
  - palafin-hero
  - pawmi
  - pawmo
  - pawmot
  - pecharunt
  - poltchageist
  - quaquaval
  - quaxly
  - quaxwell
  - rabsca
  - raging-bolt
  - rellor
  - revavroom
  - rillaboom
  - roaring-moon
  - Samurott-Hisui
  - sandy-shocks
  - scovillain
  - scream-tail
  - shroodle
  - sinistcha
  - skeledirge
  - slither-wing
  - smoliv
  - spidops
  - sprigatito
  - squawkabilly
  - tadbulb
  - tandemaus
  - tarountula
  - tatsugiri
  - tatsugiri-droopy
  - tatsugiri-stretchy
  - tauros-paldea-aqua-breed
  - tauros-paldea-blaze-breed
  - tauros-paldea-combat-breed
  - terapagos
  - terapagos-stellar
  - terapagos-terastal
  - ting-lu
  - tinkatink
  - tinkaton
  - tinkatuff
  - toedscool
  - toedscruel
  - toxtricity
  - Typhlosion-Hisui
  - ursaluna-bloodmoon
  - urshifu
  - varoom
  - veluza
  - walking-wake
  - wattrel
  - Weezing-Galar
  - wiglett
  - wo-chien
  - wugtrio
  - zygarde-10
  - zygarde-complete